Archive member included to satisfy reference by file (symbol)

c:/st/stm32cubeide_1.9.0/stm32cubeide/plugins/com.st.stm32cube.ide.mcu.externaltools.gnu-tools-for-stm32.10.3-2021.10.win32_1.0.0.202111181127/tools/bin/../lib/gcc/arm-none-eabi/10.3.1/../../../../arm-none-eabi/lib/thumb/v7e-m+fp/hard\libc_nano.a(lib_a-errno.o)
                              ./Core/Src/syscalls.o (__errno)
c:/st/stm32cubeide_1.9.0/stm32cubeide/plugins/com.st.stm32cube.ide.mcu.externaltools.gnu-tools-for-stm32.10.3-2021.10.win32_1.0.0.202111181127/tools/bin/../lib/gcc/arm-none-eabi/10.3.1/../../../../arm-none-eabi/lib/thumb/v7e-m+fp/hard\libc_nano.a(lib_a-exit.o)
                              c:/st/stm32cubeide_1.9.0/stm32cubeide/plugins/com.st.stm32cube.ide.mcu.externaltools.gnu-tools-for-stm32.10.3-2021.10.win32_1.0.0.202111181127/tools/bin/../lib/gcc/arm-none-eabi/10.3.1/../../../../arm-none-eabi/lib/thumb/v7e-m+fp/hard/crt0.o (exit)
c:/st/stm32cubeide_1.9.0/stm32cubeide/plugins/com.st.stm32cube.ide.mcu.externaltools.gnu-tools-for-stm32.10.3-2021.10.win32_1.0.0.202111181127/tools/bin/../lib/gcc/arm-none-eabi/10.3.1/../../../../arm-none-eabi/lib/thumb/v7e-m+fp/hard\libc_nano.a(lib_a-impure.o)
                              c:/st/stm32cubeide_1.9.0/stm32cubeide/plugins/com.st.stm32cube.ide.mcu.externaltools.gnu-tools-for-stm32.10.3-2021.10.win32_1.0.0.202111181127/tools/bin/../lib/gcc/arm-none-eabi/10.3.1/../../../../arm-none-eabi/lib/thumb/v7e-m+fp/hard\libc_nano.a(lib_a-exit.o) (_global_impure_ptr)
c:/st/stm32cubeide_1.9.0/stm32cubeide/plugins/com.st.stm32cube.ide.mcu.externaltools.gnu-tools-for-stm32.10.3-2021.10.win32_1.0.0.202111181127/tools/bin/../lib/gcc/arm-none-eabi/10.3.1/../../../../arm-none-eabi/lib/thumb/v7e-m+fp/hard\libc_nano.a(lib_a-init.o)
                              c:/st/stm32cubeide_1.9.0/stm32cubeide/plugins/com.st.stm32cube.ide.mcu.externaltools.gnu-tools-for-stm32.10.3-2021.10.win32_1.0.0.202111181127/tools/bin/../lib/gcc/arm-none-eabi/10.3.1/../../../../arm-none-eabi/lib/thumb/v7e-m+fp/hard/crt0.o (__libc_init_array)
c:/st/stm32cubeide_1.9.0/stm32cubeide/plugins/com.st.stm32cube.ide.mcu.externaltools.gnu-tools-for-stm32.10.3-2021.10.win32_1.0.0.202111181127/tools/bin/../lib/gcc/arm-none-eabi/10.3.1/../../../../arm-none-eabi/lib/thumb/v7e-m+fp/hard\libc_nano.a(lib_a-memcpy-stub.o)
                              ./App/Src/application.o (memcpy)
c:/st/stm32cubeide_1.9.0/stm32cubeide/plugins/com.st.stm32cube.ide.mcu.externaltools.gnu-tools-for-stm32.10.3-2021.10.win32_1.0.0.202111181127/tools/bin/../lib/gcc/arm-none-eabi/10.3.1/../../../../arm-none-eabi/lib/thumb/v7e-m+fp/hard\libc_nano.a(lib_a-memset.o)
                              c:/st/stm32cubeide_1.9.0/stm32cubeide/plugins/com.st.stm32cube.ide.mcu.externaltools.gnu-tools-for-stm32.10.3-2021.10.win32_1.0.0.202111181127/tools/bin/../lib/gcc/arm-none-eabi/10.3.1/../../../../arm-none-eabi/lib/thumb/v7e-m+fp/hard/crt0.o (memset)
c:/st/stm32cubeide_1.9.0/stm32cubeide/plugins/com.st.stm32cube.ide.mcu.externaltools.gnu-tools-for-stm32.10.3-2021.10.win32_1.0.0.202111181127/tools/bin/../lib/gcc/arm-none-eabi/10.3.1/thumb/v7e-m+fp/hard\libgcc.a(_aeabi_uldivmod.o)
                              ./Drivers/STM32F4xx_HAL_Driver/Src/stm32f4xx_hal_rcc.o (__aeabi_uldivmod)
c:/st/stm32cubeide_1.9.0/stm32cubeide/plugins/com.st.stm32cube.ide.mcu.externaltools.gnu-tools-for-stm32.10.3-2021.10.win32_1.0.0.202111181127/tools/bin/../lib/gcc/arm-none-eabi/10.3.1/thumb/v7e-m+fp/hard\libgcc.a(_udivmoddi4.o)
                              c:/st/stm32cubeide_1.9.0/stm32cubeide/plugins/com.st.stm32cube.ide.mcu.externaltools.gnu-tools-for-stm32.10.3-2021.10.win32_1.0.0.202111181127/tools/bin/../lib/gcc/arm-none-eabi/10.3.1/thumb/v7e-m+fp/hard\libgcc.a(_aeabi_uldivmod.o) (__udivmoddi4)
c:/st/stm32cubeide_1.9.0/stm32cubeide/plugins/com.st.stm32cube.ide.mcu.externaltools.gnu-tools-for-stm32.10.3-2021.10.win32_1.0.0.202111181127/tools/bin/../lib/gcc/arm-none-eabi/10.3.1/thumb/v7e-m+fp/hard\libgcc.a(_dvmd_tls.o)
                              c:/st/stm32cubeide_1.9.0/stm32cubeide/plugins/com.st.stm32cube.ide.mcu.externaltools.gnu-tools-for-stm32.10.3-2021.10.win32_1.0.0.202111181127/tools/bin/../lib/gcc/arm-none-eabi/10.3.1/thumb/v7e-m+fp/hard\libgcc.a(_aeabi_uldivmod.o) (__aeabi_ldiv0)

Discarded input sections

 .text          0x0000000000000000        0x0 c:/st/stm32cubeide_1.9.0/stm32cubeide/plugins/com.st.stm32cube.ide.mcu.externaltools.gnu-tools-for-stm32.10.3-2021.10.win32_1.0.0.202111181127/tools/bin/../lib/gcc/arm-none-eabi/10.3.1/thumb/v7e-m+fp/hard/crti.o
 .data          0x0000000000000000        0x0 c:/st/stm32cubeide_1.9.0/stm32cubeide/plugins/com.st.stm32cube.ide.mcu.externaltools.gnu-tools-for-stm32.10.3-2021.10.win32_1.0.0.202111181127/tools/bin/../lib/gcc/arm-none-eabi/10.3.1/thumb/v7e-m+fp/hard/crti.o
[...]
Memory Configuration

Name             Origin             Length             Attributes
RAM              0x0000000020000000 0x0000000000020000 xrw
FLASH            0x0000000008000000 0x0000000000080000 xr
*default*        0x0000000000000000 0xffffffffffffffff

Linker script and memory map

LOAD c:/st/stm32cubeide_1.9.0/stm32cubeide/plugins/com.st.stm32cube.ide.mcu.externaltools.gnu-tools-for-stm32.10.3-2021.10.win32_1.0.0.202111181127/tools/bin/../lib/gcc/arm-none-eabi/10.3.1/thumb/v7e-m+fp/hard/crti.o
LOAD c:/st/stm32cubeide_1.9.0/stm32cubeide/plugins/com.st.stm32cube.ide.mcu.externaltools.gnu-tools-for-stm32.10.3-2021.10.win32_1.0.0.202111181127/tools/bin/../lib/gcc/arm-none-eabi/10.3.1/thumb/v7e-m+fp/hard/crtbegin.o
LOAD c:/st/stm32cubeide_1.9.0/stm32cubeide/plugins/com.st.stm32cube.ide.mcu.externaltools.gnu-tools-for-stm32.10.3-2021.10.win32_1.0.0.202111181127/tools/bin/../lib/gcc/arm-none-eabi/10.3.1/../../../../arm-none-eabi/lib/thumb/v7e-m+fp/hard/crt0.o
LOAD ./App/Src/application.o
LOAD ./Core/Src/main.o
LOAD ./Core/Src/stm32f4xx_hal_msp.o
LOAD ./Core/Src/stm32f4xx_it.o
LOAD ./Core/Src/syscalls.o
LOAD ./Core/Src/sysmem.o
LOAD ./Core/Src/system_stm32f4xx.o
LOAD ./Core/Startup/startup_stm32f446retx.o
LOAD ./Drivers/STM32F4xx_HAL_Driver/Src/stm32f4xx_hal.o
LOAD ./Drivers/STM32F4xx_HAL_Driver/Src/stm32f4xx_hal_cortex.o
LOAD ./Drivers/STM32F4xx_HAL_Driver/Src/stm32f4xx_hal_dma.o
LOAD ./Drivers/STM32F4xx_HAL_Driver/Src/stm32f4xx_hal_dma_ex.o
LOAD ./Drivers/STM32F4xx_HAL_Driver/Src/stm32f4xx_hal_exti.o
LOAD ./Drivers/STM32F4xx_HAL_Driver/Src/stm32f4xx_hal_flash.o
LOAD ./Drivers/STM32F4xx_HAL_Driver/Src/stm32f4xx_hal_flash_ex.o
LOAD ./Drivers/STM32F4xx_HAL_Driver/Src/stm32f4xx_hal_flash_ramfunc.o
LOAD ./Drivers/STM32F4xx_HAL_Driver/Src/stm32f4xx_hal_gpio.o
LOAD ./Drivers/STM32F4xx_HAL_Driver/Src/stm32f4xx_hal_pwr.o
LOAD ./Drivers/STM32F4xx_HAL_Driver/Src/stm32f4xx_hal_pwr_ex.o
LOAD ./Drivers/STM32F4xx_HAL_Driver/Src/stm32f4xx_hal_rcc.o
LOAD ./Drivers/STM32F4xx_HAL_Driver/Src/stm32f4xx_hal_rcc_ex.o
LOAD ./Drivers/STM32F4xx_HAL_Driver/Src/stm32f4xx_hal_tim.o
LOAD ./Drivers/STM32F4xx_HAL_Driver/Src/stm32f4xx_hal_tim_ex.o
LOAD ./Drivers/STM32F4xx_HAL_Driver/Src/stm32f4xx_hal_uart.o
LOAD ./Misc/Src/crc8.o
LOAD ./Misc/Src/dataPacketRx.o
LOAD ./Misc/Src/dataPacketTx.o
START GROUP
LOAD c:/st/stm32cubeide_1.9.0/stm32cubeide/plugins/com.st.stm32cube.ide.mcu.externaltools.gnu-tools-for-stm32.10.3-2021.10.win32_1.0.0.202111181127/tools/bin/../lib/gcc/arm-none-eabi/10.3.1/../../../../arm-none-eabi/lib/thumb/v7e-m+fp/hard\libc_nano.a
LOAD c:/st/stm32cubeide_1.9.0/stm32cubeide/plugins/com.st.stm32cube.ide.mcu.externaltools.gnu-tools-for-stm32.10.3-2021.10.win32_1.0.0.202111181127/tools/bin/../lib/gcc/arm-none-eabi/10.3.1/../../../../arm-none-eabi/lib/thumb/v7e-m+fp/hard\libm.a
END GROUP
START GROUP
LOAD c:/st/stm32cubeide_1.9.0/stm32cubeide/plugins/com.st.stm32cube.ide.mcu.externaltools.gnu-tools-for-stm32.10.3-2021.10.win32_1.0.0.202111181127/tools/bin/../lib/gcc/arm-none-eabi/10.3.1/thumb/v7e-m+fp/hard\libgcc.a
LOAD c:/st/stm32cubeide_1.9.0/stm32cubeide/plugins/com.st.stm32cube.ide.mcu.externaltools.gnu-tools-for-stm32.10.3-2021.10.win32_1.0.0.202111181127/tools/bin/../lib/gcc/arm-none-eabi/10.3.1/../../../../arm-none-eabi/lib/thumb/v7e-m+fp/hard\libc_nano.a
END GROUP
START GROUP
LOAD c:/st/stm32cubeide_1.9.0/stm32cubeide/plugins/com.st.stm32cube.ide.mcu.externaltools.gnu-tools-for-stm32.10.3-2021.10.win32_1.0.0.202111181127/tools/bin/../lib/gcc/arm-none-eabi/10.3.1/thumb/v7e-m+fp/hard\libgcc.a
LOAD c:/st/stm32cubeide_1.9.0/stm32cubeide/plugins/com.st.stm32cube.ide.mcu.externaltools.gnu-tools-for-stm32.10.3-2021.10.win32_1.0.0.202111181127/tools/bin/../lib/gcc/arm-none-eabi/10.3.1/../../../../arm-none-eabi/lib/thumb/v7e-m+fp/hard\libc_nano.a
LOAD c:/st/stm32cubeide_1.9.0/stm32cubeide/plugins/com.st.stm32cube.ide.mcu.externaltools.gnu-tools-for-stm32.10.3-2021.10.win32_1.0.0.202111181127/tools/bin/../lib/gcc/arm-none-eabi/10.3.1/../../../../arm-none-eabi/lib/thumb/v7e-m+fp/hard\libnosys.a
END GROUP
START GROUP
LOAD c:/st/stm32cubeide_1.9.0/stm32cubeide/plugins/com.st.stm32cube.ide.mcu.externaltools.gnu-tools-for-stm32.10.3-2021.10.win32_1.0.0.202111181127/tools/bin/../lib/gcc/arm-none-eabi/10.3.1/thumb/v7e-m+fp/hard\libgcc.a
LOAD c:/st/stm32cubeide_1.9.0/stm32cubeide/plugins/com.st.stm32cube.ide.mcu.externaltools.gnu-tools-for-stm32.10.3-2021.10.win32_1.0.0.202111181127/tools/bin/../lib/gcc/arm-none-eabi/10.3.1/../../../../arm-none-eabi/lib/thumb/v7e-m+fp/hard\libc_nano.a
LOAD c:/st/stm32cubeide_1.9.0/stm32cubeide/plugins/com.st.stm32cube.ide.mcu.externaltools.gnu-tools-for-stm32.10.3-2021.10.win32_1.0.0.202111181127/tools/bin/../lib/gcc/arm-none-eabi/10.3.1/../../../../arm-none-eabi/lib/thumb/v7e-m+fp/hard\libnosys.a
END GROUP
LOAD c:/st/stm32cubeide_1.9.0/stm32cubeide/plugins/com.st.stm32cube.ide.mcu.externaltools.gnu-tools-for-stm32.10.3-2021.10.win32_1.0.0.202111181127/tools/bin/../lib/gcc/arm-none-eabi/10.3.1/thumb/v7e-m+fp/hard/crtend.o
LOAD c:/st/stm32cubeide_1.9.0/stm32cubeide/plugins/com.st.stm32cube.ide.mcu.externaltools.gnu-tools-for-stm32.10.3-2021.10.win32_1.0.0.202111181127/tools/bin/../lib/gcc/arm-none-eabi/10.3.1/thumb/v7e-m+fp/hard/crtn.o
                0x0000000020020000                _estack = (ORIGIN (RAM) + LENGTH (RAM))
                0x0000000000000200                _Min_Heap_Size = 0x200
                0x0000000000000400                _Min_Stack_Size = 0x400

.isr_vector     0x0000000008000000      0x1c4
                0x0000000008000000                . = ALIGN (0x4)
 *(.isr_vector)
 .isr_vector    0x0000000008000000      0x1c4 ./Core/Startup/startup_stm32f446retx.o
                0x0000000008000000                g_pfnVectors
                0x00000000080001c4                . = ALIGN (0x4)

.text           0x00000000080001c4     0x4994
                0x00000000080001c4                . = ALIGN (0x4)
 *(.text)
 .text          0x00000000080001c4       0x40 c:/st/stm32cubeide_1.9.0/stm32cubeide/plugins/com.st.stm32cube.ide.mcu.externaltools.gnu-tools-for-stm32.10.3-2021.10.win32_1.0.0.202111181127/tools/bin/../lib/gcc/arm-none-eabi/10.3.1/thumb/v7e-m+fp/hard/crtbegin.o
 .text          0x0000000008000204       0x30 c:/st/stm32cubeide_1.9.0/stm32cubeide/plugins/com.st.stm32cube.ide.mcu.externaltools.gnu-tools-for-stm32.10.3-2021.10.win32_1.0.0.202111181127/tools/bin/../lib/gcc/arm-none-eabi/10.3.1/thumb/v7e-m+fp/hard\libgcc.a(_aeabi_uldivmod.o)
                0x0000000008000204                __aeabi_uldivmod
 .text          0x0000000008000234      0x2d0 c:/st/stm32cubeide_1.9.0/stm32cubeide/plugins/com.st.stm32cube.ide.mcu.externaltools.gnu-tools-for-stm32.10.3-2021.10.win32_1.0.0.202111181127/tools/bin/../lib/gcc/arm-none-eabi/10.3.1/thumb/v7e-m+fp/hard\libgcc.a(_udivmoddi4.o)
                0x0000000008000234                __udivmoddi4
 .text          0x0000000008000504        0x4 c:/st/stm32cubeide_1.9.0/stm32cubeide/plugins/com.st.stm32cube.ide.mcu.externaltools.gnu-tools-for-stm32.10.3-2021.10.win32_1.0.0.202111181127/tools/bin/../lib/gcc/arm-none-eabi/10.3.1/thumb/v7e-m+fp/hard\libgcc.a(_dvmd_tls.o)
                0x0000000008000504                __aeabi_idiv0
                0x0000000008000504                __aeabi_ldiv0
 *(.text*)
 .text.applicationInit
                0x0000000008000508       0x70 ./App/Src/application.o
                0x0000000008000508                applicationInit
 .text.applicationDecodeCommand
                0x0000000008000578       0xba ./App/Src/application.o
                0x0000000008000578                applicationDecodeCommand
 .text.applicationExecuteBlinkLed
                0x0000000008000632       0x3a ./App/Src/application.o
                0x0000000008000632                applicationExecuteBlinkLed
 .text.applicationUpdateDutyCycle
                0x000000000800066c       0x6e ./App/Src/application.o
                0x000000000800066c                applicationUpdateDutyCycle
 .text.applicationGetBlinkDelay
                0x00000000080006da       0x18 ./App/Src/application.o
                0x00000000080006da                applicationGetBlinkDelay
 .text.applicationSetCommand
                0x00000000080006f2       0x1e ./App/Src/application.o
                0x00000000080006f2                applicationSetCommand
 .text.applicationSetDecodeStatus
                0x0000000008000710       0x1e ./App/Src/application.o
                0x0000000008000710                applicationSetDecodeStatus
 .text.applicationGetDecodeStatus
                0x000000000800072e       0x18 ./App/Src/application.o
                0x000000000800072e                applicationGetDecodeStatus
 .text.applicationSetData
                0x0000000008000746       0x32 ./App/Src/application.o
                0x0000000008000746                applicationSetData
 .text.applicationSetUpdateDutyCycle
                0x0000000008000778       0x20 ./App/Src/application.o
                0x0000000008000778                applicationSetUpdateDutyCycle
 .text.applicationGetUpdateDutyCycle
                0x0000000008000798       0x1a ./App/Src/application.o
                0x0000000008000798                applicationGetUpdateDutyCycle
 *fill*         0x00000000080007b2        0x2 
 .text.HAL_TIM_PeriodElapsedCallback
                0x00000000080007b4       0x4c ./Core/Src/main.o
                0x00000000080007b4                HAL_TIM_PeriodElapsedCallback
 .text.HAL_UART_RxCpltCallback
                0x0000000008000800       0x40 ./Core/Src/main.o
                0x0000000008000800                HAL_UART_RxCpltCallback
 .text.main     0x0000000008000840      0x208 ./Core/Src/main.o
                0x0000000008000840                main
 .text.SystemClock_Config
                0x0000000008000a48       0xd8 ./Core/Src/main.o
                0x0000000008000a48                SystemClock_Config
 .text.MX_TIM2_Init
                0x0000000008000b20       0xb4 ./Core/Src/main.o
 .text.MX_TIM9_Init
                0x0000000008000bd4       0x70 ./Core/Src/main.o
 .text.MX_USART2_UART_Init
                0x0000000008000c44       0x54 ./Core/Src/main.o
 .text.MX_USART3_UART_Init
                0x0000000008000c98       0x54 ./Core/Src/main.o
 .text.MX_GPIO_Init
                0x0000000008000cec       0xc0 ./Core/Src/main.o
 .text.Error_Handler
                0x0000000008000dac        0xa ./Core/Src/main.o
                0x0000000008000dac                Error_Handler
 *fill*         0x0000000008000db6        0x2 
 .text.HAL_MspInit
                0x0000000008000db8       0x50 ./Core/Src/stm32f4xx_hal_msp.o
                0x0000000008000db8                HAL_MspInit
 .text.HAL_TIM_PWM_MspInit
                0x0000000008000e08       0x40 ./Core/Src/stm32f4xx_hal_msp.o
                0x0000000008000e08                HAL_TIM_PWM_MspInit
 .text.HAL_TIM_Base_MspInit
                0x0000000008000e48       0x50 ./Core/Src/stm32f4xx_hal_msp.o
                0x0000000008000e48                HAL_TIM_Base_MspInit
 .text.HAL_TIM_MspPostInit
                0x0000000008000e98       0x70 ./Core/Src/stm32f4xx_hal_msp.o
                0x0000000008000e98                HAL_TIM_MspPostInit
 .text.HAL_UART_MspInit
                0x0000000008000f08      0x10c ./Core/Src/stm32f4xx_hal_msp.o
                0x0000000008000f08                HAL_UART_MspInit
 .text.NMI_Handler
                0x0000000008001014        0x6 ./Core/Src/stm32f4xx_it.o
                0x0000000008001014                NMI_Handler
 .text.HardFault_Handler
                0x000000000800101a        0x6 ./Core/Src/stm32f4xx_it.o
                0x000000000800101a                HardFault_Handler
 .text.MemManage_Handler
                0x0000000008001020        0x6 ./Core/Src/stm32f4xx_it.o
                0x0000000008001020                MemManage_Handler
 .text.BusFault_Handler
                0x0000000008001026        0x6 ./Core/Src/stm32f4xx_it.o
                0x0000000008001026                BusFault_Handler
 .text.UsageFault_Handler
                0x000000000800102c        0x6 ./Core/Src/stm32f4xx_it.o
                0x000000000800102c                UsageFault_Handler
 .text.SVC_Handler
                0x0000000008001032        0xe ./Core/Src/stm32f4xx_it.o
                0x0000000008001032                SVC_Handler
 .text.DebugMon_Handler
                0x0000000008001040        0xe ./Core/Src/stm32f4xx_it.o
                0x0000000008001040                DebugMon_Handler
 .text.PendSV_Handler
                0x000000000800104e        0xe ./Core/Src/stm32f4xx_it.o
                0x000000000800104e                PendSV_Handler
 .text.SysTick_Handler
                0x000000000800105c        0xc ./Core/Src/stm32f4xx_it.o
                0x000000000800105c                SysTick_Handler
 .text.TIM1_BRK_TIM9_IRQHandler
                0x0000000008001068       0x14 ./Core/Src/stm32f4xx_it.o
                0x0000000008001068                TIM1_BRK_TIM9_IRQHandler
 .text.USART2_IRQHandler
                0x000000000800107c       0x14 ./Core/Src/stm32f4xx_it.o
                0x000000000800107c                USART2_IRQHandler
 .text.SystemInit
                0x0000000008001090       0x24 ./Core/Src/system_stm32f4xx.o
                0x0000000008001090                SystemInit
 .text.Reset_Handler
                0x00000000080010b4       0x50 ./Core/Startup/startup_stm32f446retx.o
                0x00000000080010b4                Reset_Handler
 .text.Default_Handler
                0x0000000008001104        0x2 ./Core/Startup/startup_stm32f446retx.o
                0x0000000008001104                RTC_Alarm_IRQHandler
                0x0000000008001104                EXTI2_IRQHandler
                0x0000000008001104                TIM8_CC_IRQHandler
                0x0000000008001104                FMPI2C1_EV_IRQHandler
                0x0000000008001104                SPI4_IRQHandler
                0x0000000008001104                TIM1_CC_IRQHandler
                0x0000000008001104                DMA2_Stream5_IRQHandler
                0x0000000008001104                DMA1_Stream5_IRQHandler
                0x0000000008001104                PVD_IRQHandler
                0x0000000008001104                SDIO_IRQHandler
                0x0000000008001104                TAMP_STAMP_IRQHandler
                0x0000000008001104                CAN2_RX1_IRQHandler
                0x0000000008001104                EXTI3_IRQHandler
                0x0000000008001104                TIM8_TRG_COM_TIM14_IRQHandler
                0x0000000008001104                TIM1_UP_TIM10_IRQHandler
                0x0000000008001104                TIM8_UP_TIM13_IRQHandler
                0x0000000008001104                I2C3_ER_IRQHandler
                0x0000000008001104                EXTI0_IRQHandler
                0x0000000008001104                I2C2_EV_IRQHandler
                0x0000000008001104                DMA1_Stream2_IRQHandler
                0x0000000008001104                CAN1_RX0_IRQHandler
                0x0000000008001104                FPU_IRQHandler
                0x0000000008001104                OTG_HS_WKUP_IRQHandler
                0x0000000008001104                CAN2_SCE_IRQHandler
                0x0000000008001104                DMA2_Stream2_IRQHandler
                0x0000000008001104                SPI1_IRQHandler
                0x0000000008001104                TIM6_DAC_IRQHandler
                0x0000000008001104                DCMI_IRQHandler
                0x0000000008001104                CAN2_RX0_IRQHandler
                0x0000000008001104                DMA2_Stream3_IRQHandler
                0x0000000008001104                SAI2_IRQHandler
                0x0000000008001104                USART6_IRQHandler
                0x0000000008001104                USART3_IRQHandler
                0x0000000008001104                CAN1_RX1_IRQHandler
                0x0000000008001104                UART5_IRQHandler
                0x0000000008001104                DMA2_Stream0_IRQHandler
                0x0000000008001104                TIM4_IRQHandler
                0x0000000008001104                QUADSPI_IRQHandler
                0x0000000008001104                I2C1_EV_IRQHandler
                0x0000000008001104                DMA1_Stream6_IRQHandler
                0x0000000008001104                DMA1_Stream1_IRQHandler
                0x0000000008001104                UART4_IRQHandler
                0x0000000008001104                TIM3_IRQHandler
                0x0000000008001104                RCC_IRQHandler
                0x0000000008001104                TIM8_BRK_TIM12_IRQHandler
                0x0000000008001104                Default_Handler
                0x0000000008001104                CEC_IRQHandler
                0x0000000008001104                EXTI15_10_IRQHandler
                0x0000000008001104                ADC_IRQHandler
                0x0000000008001104                DMA1_Stream7_IRQHandler
                0x0000000008001104                TIM7_IRQHandler
                0x0000000008001104                CAN2_TX_IRQHandler
                0x0000000008001104                TIM5_IRQHandler
                0x0000000008001104                DMA2_Stream7_IRQHandler
                0x0000000008001104                I2C3_EV_IRQHandler
                0x0000000008001104                EXTI9_5_IRQHandler
                0x0000000008001104                RTC_WKUP_IRQHandler
                0x0000000008001104                SPDIF_RX_IRQHandler
                0x0000000008001104                SPI2_IRQHandler
                0x0000000008001104                OTG_HS_EP1_IN_IRQHandler
                0x0000000008001104                DMA1_Stream0_IRQHandler
                0x0000000008001104                CAN1_TX_IRQHandler
                0x0000000008001104                FMPI2C1_ER_IRQHandler
                0x0000000008001104                EXTI4_IRQHandler
                0x0000000008001104                OTG_HS_EP1_OUT_IRQHandler
                0x0000000008001104                WWDG_IRQHandler
                0x0000000008001104                TIM2_IRQHandler
                0x0000000008001104                OTG_FS_WKUP_IRQHandler
                0x0000000008001104                TIM1_TRG_COM_TIM11_IRQHandler
                0x0000000008001104                OTG_HS_IRQHandler
                0x0000000008001104                EXTI1_IRQHandler
                0x0000000008001104                I2C2_ER_IRQHandler
                0x0000000008001104                DMA2_Stream1_IRQHandler
                0x0000000008001104                CAN1_SCE_IRQHandler
                0x0000000008001104                FLASH_IRQHandler
                0x0000000008001104                DMA2_Stream4_IRQHandler
                0x0000000008001104                USART1_IRQHandler
                0x0000000008001104                OTG_FS_IRQHandler
                0x0000000008001104                SPI3_IRQHandler
                0x0000000008001104                DMA1_Stream4_IRQHandler
                0x0000000008001104                I2C1_ER_IRQHandler
                0x0000000008001104                FMC_IRQHandler
                0x0000000008001104                DMA2_Stream6_IRQHandler
                0x0000000008001104                SAI1_IRQHandler
                0x0000000008001104                DMA1_Stream3_IRQHandler
 *fill*         0x0000000008001106        0x2 
 .text.HAL_Init
                0x0000000008001108       0x44 ./Drivers/STM32F4xx_HAL_Driver/Src/stm32f4xx_hal.o
                0x0000000008001108                HAL_Init
 .text.HAL_InitTick
                0x000000000800114c       0x60 ./Drivers/STM32F4xx_HAL_Driver/Src/stm32f4xx_hal.o
                0x000000000800114c                HAL_InitTick
 .text.HAL_IncTick
                0x00000000080011ac       0x28 ./Drivers/STM32F4xx_HAL_Driver/Src/stm32f4xx_hal.o
                0x00000000080011ac                HAL_IncTick
 .text.HAL_GetTick
                0x00000000080011d4       0x18 ./Drivers/STM32F4xx_HAL_Driver/Src/stm32f4xx_hal.o
                0x00000000080011d4                HAL_GetTick
 .text.__NVIC_SetPriorityGrouping
                0x00000000080011ec       0x48 ./Drivers/STM32F4xx_HAL_Driver/Src/stm32f4xx_hal_cortex.o
 .text.__NVIC_GetPriorityGrouping
                0x0000000008001234       0x1c ./Drivers/STM32F4xx_HAL_Driver/Src/stm32f4xx_hal_cortex.o
 .text.__NVIC_EnableIRQ
                0x0000000008001250       0x3c ./Drivers/STM32F4xx_HAL_Driver/Src/stm32f4xx_hal_cortex.o
 .text.__NVIC_SetPriority
                0x000000000800128c       0x54 ./Drivers/STM32F4xx_HAL_Driver/Src/stm32f4xx_hal_cortex.o
 .text.NVIC_EncodePriority
                0x00000000080012e0       0x66 ./Drivers/STM32F4xx_HAL_Driver/Src/stm32f4xx_hal_cortex.o
 *fill*         0x0000000008001346        0x2 
 .text.SysTick_Config
                0x0000000008001348       0x44 ./Drivers/STM32F4xx_HAL_Driver/Src/stm32f4xx_hal_cortex.o
 .text.HAL_NVIC_SetPriorityGrouping
                0x000000000800138c       0x16 ./Drivers/STM32F4xx_HAL_Driver/Src/stm32f4xx_hal_cortex.o
                0x000000000800138c                HAL_NVIC_SetPriorityGrouping
 .text.HAL_NVIC_SetPriority
                0x00000000080013a2       0x38 ./Drivers/STM32F4xx_HAL_Driver/Src/stm32f4xx_hal_cortex.o
                0x00000000080013a2                HAL_NVIC_SetPriority
 .text.HAL_NVIC_EnableIRQ
                0x00000000080013da       0x1c ./Drivers/STM32F4xx_HAL_Driver/Src/stm32f4xx_hal_cortex.o
                0x00000000080013da                HAL_NVIC_EnableIRQ
 .text.HAL_SYSTICK_Config
                0x00000000080013f6       0x18 ./Drivers/STM32F4xx_HAL_Driver/Src/stm32f4xx_hal_cortex.o
                0x00000000080013f6                HAL_SYSTICK_Config
 .text.HAL_DMA_Abort
                0x000000000800140e       0xe0 ./Drivers/STM32F4xx_HAL_Driver/Src/stm32f4xx_hal_dma.o
                0x000000000800140e                HAL_DMA_Abort
 .text.HAL_DMA_Abort_IT
                0x00000000080014ee       0x44 ./Drivers/STM32F4xx_HAL_Driver/Src/stm32f4xx_hal_dma.o
                0x00000000080014ee                HAL_DMA_Abort_IT
 *fill*         0x0000000008001532        0x2 
 .text.HAL_GPIO_Init
                0x0000000008001534      0x328 ./Drivers/STM32F4xx_HAL_Driver/Src/stm32f4xx_hal_gpio.o
                0x0000000008001534                HAL_GPIO_Init
 .text.HAL_GPIO_WritePin
                0x000000000800185c       0x32 ./Drivers/STM32F4xx_HAL_Driver/Src/stm32f4xx_hal_gpio.o
                0x000000000800185c                HAL_GPIO_WritePin
 .text.HAL_GPIO_TogglePin
                0x000000000800188e       0x34 ./Drivers/STM32F4xx_HAL_Driver/Src/stm32f4xx_hal_gpio.o
                0x000000000800188e                HAL_GPIO_TogglePin
 *fill*         0x00000000080018c2        0x2 
 .text.HAL_RCC_ClockConfig
                0x00000000080018c4      0x1cc ./Drivers/STM32F4xx_HAL_Driver/Src/stm32f4xx_hal_rcc.o
                0x00000000080018c4                HAL_RCC_ClockConfig
 .text.HAL_RCC_GetHCLKFreq
                0x0000000008001a90       0x18 ./Drivers/STM32F4xx_HAL_Driver/Src/stm32f4xx_hal_rcc.o
                0x0000000008001a90                HAL_RCC_GetHCLKFreq
 .text.HAL_RCC_GetPCLK1Freq
                0x0000000008001aa8       0x28 ./Drivers/STM32F4xx_HAL_Driver/Src/stm32f4xx_hal_rcc.o
                0x0000000008001aa8                HAL_RCC_GetPCLK1Freq
 .text.HAL_RCC_GetPCLK2Freq
                0x0000000008001ad0       0x28 ./Drivers/STM32F4xx_HAL_Driver/Src/stm32f4xx_hal_rcc.o
                0x0000000008001ad0                HAL_RCC_GetPCLK2Freq
 .text.HAL_RCC_GetSysClockFreq
                0x0000000008001af8      0x354 ./Drivers/STM32F4xx_HAL_Driver/Src/stm32f4xx_hal_rcc_ex.o
                0x0000000008001af8                HAL_RCC_GetSysClockFreq
 .text.HAL_RCC_OscConfig
                0x0000000008001e4c      0x53c ./Drivers/STM32F4xx_HAL_Driver/Src/stm32f4xx_hal_rcc_ex.o
                0x0000000008001e4c                HAL_RCC_OscConfig
 .text.HAL_TIM_Base_Init
                0x0000000008002388       0x9e ./Drivers/STM32F4xx_HAL_Driver/Src/stm32f4xx_hal_tim.o
                0x0000000008002388                HAL_TIM_Base_Init
 *fill*         0x0000000008002426        0x2 
 .text.HAL_TIM_Base_Start_IT
                0x0000000008002428       0xe0 ./Drivers/STM32F4xx_HAL_Driver/Src/stm32f4xx_hal_tim.o
                0x0000000008002428                HAL_TIM_Base_Start_IT
 .text.HAL_TIM_PWM_Init
                0x0000000008002508       0x9e ./Drivers/STM32F4xx_HAL_Driver/Src/stm32f4xx_hal_tim.o
                0x0000000008002508                HAL_TIM_PWM_Init
 *fill*         0x00000000080025a6        0x2 
 .text.HAL_TIM_PWM_Start
                0x00000000080025a8      0x190 ./Drivers/STM32F4xx_HAL_Driver/Src/stm32f4xx_hal_tim.o
                0x00000000080025a8                HAL_TIM_PWM_Start
 .text.HAL_TIM_IRQHandler
                0x0000000008002738      0x210 ./Drivers/STM32F4xx_HAL_Driver/Src/stm32f4xx_hal_tim.o
                0x0000000008002738                HAL_TIM_IRQHandler
 .text.HAL_TIM_PWM_ConfigChannel
                0x0000000008002948      0x184 ./Drivers/STM32F4xx_HAL_Driver/Src/stm32f4xx_hal_tim.o
                0x0000000008002948                HAL_TIM_PWM_ConfigChannel
 .text.HAL_TIM_ConfigClockSource
                0x0000000008002acc      0x18e ./Drivers/STM32F4xx_HAL_Driver/Src/stm32f4xx_hal_tim.o
                0x0000000008002acc                HAL_TIM_ConfigClockSource
 .text.HAL_TIM_OC_DelayElapsedCallback
                0x0000000008002c5a       0x14 ./Drivers/STM32F4xx_HAL_Driver/Src/stm32f4xx_hal_tim.o
                0x0000000008002c5a                HAL_TIM_OC_DelayElapsedCallback
 .text.HAL_TIM_IC_CaptureCallback
                0x0000000008002c6e       0x14 ./Drivers/STM32F4xx_HAL_Driver/Src/stm32f4xx_hal_tim.o
                0x0000000008002c6e                HAL_TIM_IC_CaptureCallback
 .text.HAL_TIM_PWM_PulseFinishedCallback
                0x0000000008002c82       0x14 ./Drivers/STM32F4xx_HAL_Driver/Src/stm32f4xx_hal_tim.o
                0x0000000008002c82                HAL_TIM_PWM_PulseFinishedCallback
 .text.HAL_TIM_TriggerCallback
                0x0000000008002c96       0x14 ./Drivers/STM32F4xx_HAL_Driver/Src/stm32f4xx_hal_tim.o
                0x0000000008002c96                HAL_TIM_TriggerCallback
 *fill*         0x0000000008002caa        0x2 
 .text.TIM_Base_SetConfig
                0x0000000008002cac      0x140 ./Drivers/STM32F4xx_HAL_Driver/Src/stm32f4xx_hal_tim.o
                0x0000000008002cac                TIM_Base_SetConfig
 .text.TIM_OC1_SetConfig
                0x0000000008002dec       0xe0 ./Drivers/STM32F4xx_HAL_Driver/Src/stm32f4xx_hal_tim.o
 .text.TIM_OC2_SetConfig
                0x0000000008002ecc       0xec ./Drivers/STM32F4xx_HAL_Driver/Src/stm32f4xx_hal_tim.o
                0x0000000008002ecc                TIM_OC2_SetConfig
 .text.TIM_OC3_SetConfig
                0x0000000008002fb8       0xe8 ./Drivers/STM32F4xx_HAL_Driver/Src/stm32f4xx_hal_tim.o
 .text.TIM_OC4_SetConfig
                0x00000000080030a0       0xac ./Drivers/STM32F4xx_HAL_Driver/Src/stm32f4xx_hal_tim.o
 .text.TIM_TI1_ConfigInputStage
                0x000000000800314c       0x5e ./Drivers/STM32F4xx_HAL_Driver/Src/stm32f4xx_hal_tim.o
 .text.TIM_TI2_ConfigInputStage
                0x00000000080031aa       0x60 ./Drivers/STM32F4xx_HAL_Driver/Src/stm32f4xx_hal_tim.o
 .text.TIM_ITRx_SetConfig
                0x000000000800320a       0x36 ./Drivers/STM32F4xx_HAL_Driver/Src/stm32f4xx_hal_tim.o
 .text.TIM_ETR_SetConfig
                0x0000000008003240       0x40 ./Drivers/STM32F4xx_HAL_Driver/Src/stm32f4xx_hal_tim.o
                0x0000000008003240                TIM_ETR_SetConfig
 .text.TIM_CCxChannelCmd
                0x0000000008003280       0x4a ./Drivers/STM32F4xx_HAL_Driver/Src/stm32f4xx_hal_tim.o
                0x0000000008003280                TIM_CCxChannelCmd
 *fill*         0x00000000080032ca        0x2 
 .text.HAL_TIMEx_MasterConfigSynchronization
                0x00000000080032cc       0xf8 ./Drivers/STM32F4xx_HAL_Driver/Src/stm32f4xx_hal_tim_ex.o
                0x00000000080032cc                HAL_TIMEx_MasterConfigSynchronization
 .text.HAL_TIMEx_CommutCallback
                0x00000000080033c4       0x14 ./Drivers/STM32F4xx_HAL_Driver/Src/stm32f4xx_hal_tim_ex.o
                0x00000000080033c4                HAL_TIMEx_CommutCallback
 .text.HAL_TIMEx_BreakCallback
                0x00000000080033d8       0x14 ./Drivers/STM32F4xx_HAL_Driver/Src/stm32f4xx_hal_tim_ex.o
                0x00000000080033d8                HAL_TIMEx_BreakCallback
 .text.HAL_UART_Init
                0x00000000080033ec       0x9a ./Drivers/STM32F4xx_HAL_Driver/Src/stm32f4xx_hal_uart.o
                0x00000000080033ec                HAL_UART_Init
 .text.HAL_UART_Transmit
                0x0000000008003486      0x124 ./Drivers/STM32F4xx_HAL_Driver/Src/stm32f4xx_hal_uart.o
                0x0000000008003486                HAL_UART_Transmit
 .text.HAL_UART_Receive_IT
                0x00000000080035aa       0x60 ./Drivers/STM32F4xx_HAL_Driver/Src/stm32f4xx_hal_uart.o
                0x00000000080035aa                HAL_UART_Receive_IT
 *fill*         0x000000000800360a        0x2 
 .text.HAL_UART_IRQHandler
                0x000000000800360c      0x51c ./Drivers/STM32F4xx_HAL_Driver/Src/stm32f4xx_hal_uart.o
                0x000000000800360c                HAL_UART_IRQHandler
 .text.HAL_UART_TxCpltCallback
                0x0000000008003b28       0x14 ./Drivers/STM32F4xx_HAL_Driver/Src/stm32f4xx_hal_uart.o
                0x0000000008003b28                HAL_UART_TxCpltCallback
 .text.HAL_UART_ErrorCallback
                0x0000000008003b3c       0x14 ./Drivers/STM32F4xx_HAL_Driver/Src/stm32f4xx_hal_uart.o
                0x0000000008003b3c                HAL_UART_ErrorCallback
 .text.HAL_UARTEx_RxEventCallback
                0x0000000008003b50       0x18 ./Drivers/STM32F4xx_HAL_Driver/Src/stm32f4xx_hal_uart.o
                0x0000000008003b50                HAL_UARTEx_RxEventCallback
 .text.UART_WaitOnFlagUntilTimeout
                0x0000000008003b68       0xdc ./Drivers/STM32F4xx_HAL_Driver/Src/stm32f4xx_hal_uart.o
 .text.UART_Start_Receive_IT
                0x0000000008003c44       0x7c ./Drivers/STM32F4xx_HAL_Driver/Src/stm32f4xx_hal_uart.o
                0x0000000008003c44                UART_Start_Receive_IT
 .text.UART_EndRxTransfer
                0x0000000008003cc0       0xc6 ./Drivers/STM32F4xx_HAL_Driver/Src/stm32f4xx_hal_uart.o
 .text.UART_DMAAbortOnError
                0x0000000008003d86       0x28 ./Drivers/STM32F4xx_HAL_Driver/Src/stm32f4xx_hal_uart.o
 .text.UART_Transmit_IT
                0x0000000008003dae       0xa0 ./Drivers/STM32F4xx_HAL_Driver/Src/stm32f4xx_hal_uart.o
 .text.UART_EndTransmit_IT
                0x0000000008003e4e       0x30 ./Drivers/STM32F4xx_HAL_Driver/Src/stm32f4xx_hal_uart.o
 .text.UART_Receive_IT
                0x0000000008003e7e      0x176 ./Drivers/STM32F4xx_HAL_Driver/Src/stm32f4xx_hal_uart.o
 .text.UART_SetConfig
                0x0000000008003ff4      0x4e8 ./Drivers/STM32F4xx_HAL_Driver/Src/stm32f4xx_hal_uart.o
 .text.genCrc   0x00000000080044dc       0x4a ./Misc/Src/crc8.o
                0x00000000080044dc                genCrc
 *fill*         0x0000000008004526        0x2 
 .text.calcCrc8
                0x0000000008004528       0x40 ./Misc/Src/crc8.o
 .text.dataPacketRxInit
                0x0000000008004568       0x76 ./Misc/Src/dataPacketRx.o
                0x0000000008004568                dataPacketRxInit
 .text.dataPacketRxAppend
                0x00000000080045de       0x54 ./Misc/Src/dataPacketRx.o
                0x00000000080045de                dataPacketRxAppend
 .text.dataPacketRxDecode
                0x0000000008004632      0x16a ./Misc/Src/dataPacketRx.o
                0x0000000008004632                dataPacketRxDecode
 .text.dataPacketRxClear
                0x000000000800479c       0x62 ./Misc/Src/dataPacketRx.o
                0x000000000800479c                dataPacketRxClear
 .text.dataPacketRxSetCommand
                0x00000000080047fe       0x34 ./Misc/Src/dataPacketRx.o
                0x00000000080047fe                dataPacketRxSetCommand
 .text.dataPacketRxGetCommand
                0x0000000008004832       0x18 ./Misc/Src/dataPacketRx.o
                0x0000000008004832                dataPacketRxGetCommand
 .text.dataPacketRxSetPayloadData
                0x000000000800484a       0x32 ./Misc/Src/dataPacketRx.o
                0x000000000800484a                dataPacketRxSetPayloadData
 .text.dataPacketRxGetPayloadData
                0x000000000800487c       0x18 ./Misc/Src/dataPacketRx.o
                0x000000000800487c                dataPacketRxGetPayloadData
 .text.dataPacketRxGetPayloadDataLength
                0x0000000008004894       0x18 ./Misc/Src/dataPacketRx.o
                0x0000000008004894                dataPacketRxGetPayloadDataLength
 .text.dataPacketRxGetDataPacketStatus
                0x00000000080048ac       0x1a ./Misc/Src/dataPacketRx.o
                0x00000000080048ac                dataPacketRxGetDataPacketStatus
 .text.dataPacketTxInit
                0x00000000080048c6       0x60 ./Misc/Src/dataPacketTx.o
                0x00000000080048c6                dataPacketTxInit
 .text.dataPacketTxMount
                0x0000000008004926       0x8e ./Misc/Src/dataPacketTx.o
                0x0000000008004926                dataPacketTxMount
 .text.dataPacketTxUartSend
                0x00000000080049b4       0x40 ./Misc/Src/dataPacketTx.o
                0x00000000080049b4                dataPacketTxUartSend
 .text.dataPacketTxClear
                0x00000000080049f4       0x38 ./Misc/Src/dataPacketTx.o
                0x00000000080049f4                dataPacketTxClear
 .text.dataPacketTxPayloadDataClear
                0x0000000008004a2c       0x38 ./Misc/Src/dataPacketTx.o
                0x0000000008004a2c                dataPacketTxPayloadDataClear
 .text.dataPacketTxSetCommand
                0x0000000008004a64       0x34 ./Misc/Src/dataPacketTx.o
                0x0000000008004a64                dataPacketTxSetCommand
 .text.dataPacketTxSetPayloadData
                0x0000000008004a98       0x32 ./Misc/Src/dataPacketTx.o
                0x0000000008004a98                dataPacketTxSetPayloadData
 *fill*         0x0000000008004aca        0x2 
 .text.__libc_init_array
                0x0000000008004acc       0x48 c:/st/stm32cubeide_1.9.0/stm32cubeide/plugins/com.st.stm32cube.ide.mcu.externaltools.gnu-tools-for-stm32.10.3-2021.10.win32_1.0.0.202111181127/tools/bin/../lib/gcc/arm-none-eabi/10.3.1/../../../../arm-none-eabi/lib/thumb/v7e-m+fp/hard\libc_nano.a(lib_a-init.o)
                0x0000000008004acc                __libc_init_array
 .text.memcpy   0x0000000008004b14       0x1c c:/st/stm32cubeide_1.9.0/stm32cubeide/plugins/com.st.stm32cube.ide.mcu.externaltools.gnu-tools-for-stm32.10.3-2021.10.win32_1.0.0.202111181127/tools/bin/../lib/gcc/arm-none-eabi/10.3.1/../../../../arm-none-eabi/lib/thumb/v7e-m+fp/hard\libc_nano.a(lib_a-memcpy-stub.o)
                0x0000000008004b14                memcpy
 .text.memset   0x0000000008004b30       0x10 c:/st/stm32cubeide_1.9.0/stm32cubeide/plugins/com.st.stm32cube.ide.mcu.externaltools.gnu-tools-for-stm32.10.3-2021.10.win32_1.0.0.202111181127/tools/bin/../lib/gcc/arm-none-eabi/10.3.1/../../../../arm-none-eabi/lib/thumb/v7e-m+fp/hard\libc_nano.a(lib_a-memset.o)
                0x0000000008004b30                memset
 *(.glue_7)
 .glue_7        0x0000000008004b40        0x0 linker stubs
 *(.glue_7t)
 .glue_7t       0x0000000008004b40        0x0 linker stubs
 *(.eh_frame)
 .eh_frame      0x0000000008004b40        0x0 c:/st/stm32cubeide_1.9.0/stm32cubeide/plugins/com.st.stm32cube.ide.mcu.externaltools.gnu-tools-for-stm32.10.3-2021.10.win32_1.0.0.202111181127/tools/bin/../lib/gcc/arm-none-eabi/10.3.1/thumb/v7e-m+fp/hard/crtbegin.o
 *(.init)
 .init          0x0000000008004b40        0x4 c:/st/stm32cubeide_1.9.0/stm32cubeide/plugins/com.st.stm32cube.ide.mcu.externaltools.gnu-tools-for-stm32.10.3-2021.10.win32_1.0.0.202111181127/tools/bin/../lib/gcc/arm-none-eabi/10.3.1/thumb/v7e-m+fp/hard/crti.o
                0x0000000008004b40                _init
 .init          0x0000000008004b44        0x8 c:/st/stm32cubeide_1.9.0/stm32cubeide/plugins/com.st.stm32cube.ide.mcu.externaltools.gnu-tools-for-stm32.10.3-2021.10.win32_1.0.0.202111181127/tools/bin/../lib/gcc/arm-none-eabi/10.3.1/thumb/v7e-m+fp/hard/crtn.o
 *(.fini)
 .fini          0x0000000008004b4c        0x4 c:/st/stm32cubeide_1.9.0/stm32cubeide/plugins/com.st.stm32cube.ide.mcu.externaltools.gnu-tools-for-stm32.10.3-2021.10.win32_1.0.0.202111181127/tools/bin/../lib/gcc/arm-none-eabi/10.3.1/thumb/v7e-m+fp/hard/crti.o
                0x0000000008004b4c                _fini
 .fini          0x0000000008004b50        0x8 c:/st/stm32cubeide_1.9.0/stm32cubeide/plugins/com.st.stm32cube.ide.mcu.externaltools.gnu-tools-for-stm32.10.3-2021.10.win32_1.0.0.202111181127/tools/bin/../lib/gcc/arm-none-eabi/10.3.1/thumb/v7e-m+fp/hard/crtn.o
                0x0000000008004b58                . = ALIGN (0x4)
                0x0000000008004b58                _etext = .

.vfp11_veneer   0x0000000008004b58        0x0
 .vfp11_veneer  0x0000000008004b58        0x0 linker stubs

.v4_bx          0x0000000008004b58        0x0
 .v4_bx         0x0000000008004b58        0x0 linker stubs

.iplt           0x0000000008004b58        0x0
 .iplt          0x0000000008004b58        0x0 c:/st/stm32cubeide_1.9.0/stm32cubeide/plugins/com.st.stm32cube.ide.mcu.externaltools.gnu-tools-for-stm32.10.3-2021.10.win32_1.0.0.202111181127/tools/bin/../lib/gcc/arm-none-eabi/10.3.1/thumb/v7e-m+fp/hard/crtbegin.o

.rodata         0x0000000008004b58      0x118
                0x0000000008004b58                . = ALIGN (0x4)
 *(.rodata)
 *(.rodata*)
 .rodata.AHBPrescTable
                0x0000000008004b58       0x10 ./Core/Src/system_stm32f4xx.o
                0x0000000008004b58                AHBPrescTable
 .rodata.APBPrescTable
                0x0000000008004b68        0x8 ./Core/Src/system_stm32f4xx.o
                0x0000000008004b68                APBPrescTable
 .rodata.table  0x0000000008004b70      0x100 ./Misc/Src/crc8.o
                0x0000000008004c70                . = ALIGN (0x4)

.ARM.extab      0x0000000008004c70        0x0
                0x0000000008004c70                . = ALIGN (0x4)
 *(.ARM.extab* .gnu.linkonce.armextab.*)
                0x0000000008004c70                . = ALIGN (0x4)

.ARM            0x0000000008004c70        0x8
                0x0000000008004c70                . = ALIGN (0x4)
                0x0000000008004c70                __exidx_start = .
 *(.ARM.exidx*)
 .ARM.exidx     0x0000000008004c70        0x8 c:/st/stm32cubeide_1.9.0/stm32cubeide/plugins/com.st.stm32cube.ide.mcu.externaltools.gnu-tools-for-stm32.10.3-2021.10.win32_1.0.0.202111181127/tools/bin/../lib/gcc/arm-none-eabi/10.3.1/thumb/v7e-m+fp/hard\libgcc.a(_udivmoddi4.o)
                0x0000000008004c78                __exidx_end = .
                0x0000000008004c78                . = ALIGN (0x4)

.rel.dyn        0x0000000008004c78        0x0
 .rel.iplt      0x0000000008004c78        0x0 c:/st/stm32cubeide_1.9.0/stm32cubeide/plugins/com.st.stm32cube.ide.mcu.externaltools.gnu-tools-for-stm32.10.3-2021.10.win32_1.0.0.202111181127/tools/bin/../lib/gcc/arm-none-eabi/10.3.1/thumb/v7e-m+fp/hard/crtbegin.o

.preinit_array  0x0000000008004c78        0x0
                0x0000000008004c78                . = ALIGN (0x4)
                0x0000000008004c78                PROVIDE (__preinit_array_start = .)
 *(.preinit_array*)
                0x0000000008004c78                PROVIDE (__preinit_array_end = .)
                0x0000000008004c78                . = ALIGN (0x4)

.init_array     0x0000000008004c78        0x4
                0x0000000008004c78                . = ALIGN (0x4)
                0x0000000008004c78                PROVIDE (__init_array_start = .)
 *(SORT_BY_NAME(.init_array.*))
 *(.init_array*)
 .init_array    0x0000000008004c78        0x4 c:/st/stm32cubeide_1.9.0/stm32cubeide/plugins/com.st.stm32cube.ide.mcu.externaltools.gnu-tools-for-stm32.10.3-2021.10.win32_1.0.0.202111181127/tools/bin/../lib/gcc/arm-none-eabi/10.3.1/thumb/v7e-m+fp/hard/crtbegin.o
                0x0000000008004c7c                PROVIDE (__init_array_end = .)
                0x0000000008004c7c                . = ALIGN (0x4)

.fini_array     0x0000000008004c7c        0x4
                0x0000000008004c7c                . = ALIGN (0x4)
                [!provide]                        PROVIDE (__fini_array_start = .)
 *(SORT_BY_NAME(.fini_array.*))
 *(.fini_array*)
 .fini_array    0x0000000008004c7c        0x4 c:/st/stm32cubeide_1.9.0/stm32cubeide/plugins/com.st.stm32cube.ide.mcu.externaltools.gnu-tools-for-stm32.10.3-2021.10.win32_1.0.0.202111181127/tools/bin/../lib/gcc/arm-none-eabi/10.3.1/thumb/v7e-m+fp/hard/crtbegin.o
                [!provide]                        PROVIDE (__fini_array_end = .)
                0x0000000008004c80                . = ALIGN (0x4)
                0x0000000008004c80                _sidata = LOADADDR (.data)

.data           0x0000000020000000       0x1c load address 0x0000000008004c80
                0x0000000020000000                . = ALIGN (0x4)
                0x0000000020000000                _sdata = .
 *(.data)
 *(.data*)
 .data.bytes    0x0000000020000000       0x10 ./Core/Src/main.o
                0x0000000020000000                bytes
 .data.SystemCoreClock
                0x0000000020000010        0x4 ./Core/Src/system_stm32f4xx.o
                0x0000000020000010                SystemCoreClock
 .data.uwTickPrio
                0x0000000020000014        0x4 ./Drivers/STM32F4xx_HAL_Driver/Src/stm32f4xx_hal.o
                0x0000000020000014                uwTickPrio
 .data.uwTickFreq
                0x0000000020000018        0x1 ./Drivers/STM32F4xx_HAL_Driver/Src/stm32f4xx_hal.o
                0x0000000020000018                uwTickFreq
 *(.RamFunc)
 *(.RamFunc*)
                0x000000002000001c                . = ALIGN (0x4)
 *fill*         0x0000000020000019        0x3 
                0x000000002000001c                _edata = .

.igot.plt       0x000000002000001c        0x0 load address 0x0000000008004c9c
 .igot.plt      0x000000002000001c        0x0 c:/st/stm32cubeide_1.9.0/stm32cubeide/plugins/com.st.stm32cube.ide.mcu.externaltools.gnu-tools-for-stm32.10.3-2021.10.win32_1.0.0.202111181127/tools/bin/../lib/gcc/arm-none-eabi/10.3.1/thumb/v7e-m+fp/hard/crtbegin.o
                0x000000002000001c                . = ALIGN (0x4)

.bss            0x000000002000001c      0x204 load address 0x0000000008004c9c
                0x000000002000001c                _sbss = .
                0x000000002000001c                __bss_start__ = _sbss
 *(.bss)
 .bss           0x000000002000001c       0x1c c:/st/stm32cubeide_1.9.0/stm32cubeide/plugins/com.st.stm32cube.ide.mcu.externaltools.gnu-tools-for-stm32.10.3-2021.10.win32_1.0.0.202111181127/tools/bin/../lib/gcc/arm-none-eabi/10.3.1/thumb/v7e-m+fp/hard/crtbegin.o
 *(.bss*)
 .bss.htim2     0x0000000020000038       0x48 ./Core/Src/main.o
                0x0000000020000038                htim2
 .bss.htim9     0x0000000020000080       0x48 ./Core/Src/main.o
                0x0000000020000080                htim9
 .bss.huart2    0x00000000200000c8       0x44 ./Core/Src/main.o
                0x00000000200000c8                huart2
 .bss.huart3    0x000000002000010c       0x44 ./Core/Src/main.o
                0x000000002000010c                huart3
 .bss.dataPacketTx
                0x0000000020000150       0x40 ./Core/Src/main.o
                0x0000000020000150                dataPacketTx
 .bss.dataPacketRx
                0x0000000020000190       0x46 ./Core/Src/main.o
                0x0000000020000190                dataPacketRx
 .bss.receivedByte
                0x00000000200001d6        0x1 ./Core/Src/main.o
                0x00000000200001d6                receivedByte
 *fill*         0x00000000200001d7        0x1 
 .bss.counterTimer1
                0x00000000200001d8        0x4 ./Core/Src/main.o
                0x00000000200001d8                counterTimer1
 .bss.counterTimer2
                0x00000000200001dc        0x4 ./Core/Src/main.o
                0x00000000200001dc                counterTimer2
 .bss.counterTimer3
                0x00000000200001e0        0x4 ./Core/Src/main.o
                0x00000000200001e0                counterTimer3
 .bss.app       0x00000000200001e4       0x34 ./Core/Src/main.o
                0x00000000200001e4                app
 .bss.stateMachine
                0x0000000020000218        0x1 ./Core/Src/main.o
                0x0000000020000218                stateMachine
 *fill*         0x0000000020000219        0x3 
 .bss.uwTick    0x000000002000021c        0x4 ./Drivers/STM32F4xx_HAL_Driver/Src/stm32f4xx_hal.o
                0x000000002000021c                uwTick
 *(COMMON)
                0x0000000020000220                . = ALIGN (0x4)
                0x0000000020000220                _ebss = .
                0x0000000020000220                __bss_end__ = _ebss

._user_heap_stack
                0x0000000020000220      0x600 load address 0x0000000008004c9c
                0x0000000020000220                . = ALIGN (0x8)
                [!provide]                        PROVIDE (end = .)
                0x0000000020000220                PROVIDE (_end = .)
                0x0000000020000420                . = (. + _Min_Heap_Size)
 *fill*         0x0000000020000220      0x200 
                0x0000000020000820                . = (. + _Min_Stack_Size)
 *fill*         0x0000000020000420      0x400 
                0x0000000020000820                . = ALIGN (0x8)

/DISCARD/
 libc.a(*)
 libm.a(*)
 libgcc.a(*)

.ARM.attributes
                0x0000000000000000       0x30
 *(.ARM.attributes)
 .ARM.attributes
                0x0000000000000000       0x1e c:/st/stm32cubeide_1.9.0/stm32cubeide/plugins/com.st.stm32cube.ide.mcu.externaltools.gnu-tools-for-stm32.10.3-2021.10.win32_1.0.0.202111181127/tools/bin/../lib/gcc/arm-none-eabi/10.3.1/thumb/v7e-m+fp/hard/crti.o
 .ARM.attributes
                0x000000000000001e       0x34 c:/st/stm32cubeide_1.9.0/stm32cubeide/plugins/com.st.stm32cube.ide.mcu.externaltools.gnu-tools-for-stm32.10.3-2021.10.win32_1.0.0.202111181127/tools/bin/../lib/gcc/arm-none-eabi/10.3.1/thumb/v7e-m+fp/hard/crtbegin.o
 .ARM.attributes
                0x0000000000000052       0x34 ./App/Src/application.o
 .ARM.attributes
                0x0000000000000086       0x34 ./Core/Src/main.o
 .ARM.attributes
                0x00000000000000ba       0x34 ./Core/Src/stm32f4xx_hal_msp.o
 .ARM.attributes
                0x00000000000000ee       0x34 ./Core/Src/stm32f4xx_it.o
 .ARM.attributes
                0x0000000000000122       0x34 ./Core/Src/system_stm32f4xx.o
 .ARM.attributes
                0x0000000000000156       0x21 ./Core/Startup/startup_stm32f446retx.o
 .ARM.attributes
                0x0000000000000177       0x34 ./Drivers/STM32F4xx_HAL_Driver/Src/stm32f4xx_hal.o
 .ARM.attributes
                0x00000000000001ab       0x34 ./Drivers/STM32F4xx_HAL_Driver/Src/stm32f4xx_hal_cortex.o
 .ARM.attributes
                0x00000000000001df       0x34 ./Drivers/STM32F4xx_HAL_Driver/Src/stm32f4xx_hal_dma.o
 .ARM.attributes
                0x0000000000000213       0x34 ./Drivers/STM32F4xx_HAL_Driver/Src/stm32f4xx_hal_gpio.o
 .ARM.attributes
                0x0000000000000247       0x34 ./Drivers/STM32F4xx_HAL_Driver/Src/stm32f4xx_hal_rcc.o
 .ARM.attributes
                0x000000000000027b       0x34 ./Drivers/STM32F4xx_HAL_Driver/Src/stm32f4xx_hal_rcc_ex.o
 .ARM.attributes
                0x00000000000002af       0x34 ./Drivers/STM32F4xx_HAL_Driver/Src/stm32f4xx_hal_tim.o
 .ARM.attributes
                0x00000000000002e3       0x34 ./Drivers/STM32F4xx_HAL_Driver/Src/stm32f4xx_hal_tim_ex.o
 .ARM.attributes
                0x0000000000000317       0x34 ./Drivers/STM32F4xx_HAL_Driver/Src/stm32f4xx_hal_uart.o
 .ARM.attributes
                0x000000000000034b       0x34 ./Misc/Src/crc8.o
 .ARM.attributes
                0x000000000000037f       0x34 ./Misc/Src/dataPacketRx.o
 .ARM.attributes
                0x00000000000003b3       0x34 ./Misc/Src/dataPacketTx.o
 .ARM.attributes
                0x00000000000003e7       0x34 c:/st/stm32cubeide_1.9.0/stm32cubeide/plugins/com.st.stm32cube.ide.mcu.externaltools.gnu-tools-for-stm32.10.3-2021.10.win32_1.0.0.202111181127/tools/bin/../lib/gcc/arm-none-eabi/10.3.1/../../../../arm-none-eabi/lib/thumb/v7e-m+fp/hard\libc_nano.a(lib_a-init.o)
 .ARM.attributes
                0x000000000000041b       0x34 c:/st/stm32cubeide_1.9.0/stm32cubeide/plugins/com.st.stm32cube.ide.mcu.externaltools.gnu-tools-for-stm32.10.3-2021.10.win32_1.0.0.202111181127/tools/bin/../lib/gcc/arm-none-eabi/10.3.1/../../../../arm-none-eabi/lib/thumb/v7e-m+fp/hard\libc_nano.a(lib_a-memcpy-stub.o)
 .ARM.attributes
                0x000000000000044f       0x34 c:/st/stm32cubeide_1.9.0/stm32cubeide/plugins/com.st.stm32cube.ide.mcu.externaltools.gnu-tools-for-stm32.10.3-2021.10.win32_1.0.0.202111181127/tools/bin/../lib/gcc/arm-none-eabi/10.3.1/../../../../arm-none-eabi/lib/thumb/v7e-m+fp/hard\libc_nano.a(lib_a-memset.o)
 .ARM.attributes
                0x0000000000000483       0x1e c:/st/stm32cubeide_1.9.0/stm32cubeide/plugins/com.st.stm32cube.ide.mcu.externaltools.gnu-tools-for-stm32.10.3-2021.10.win32_1.0.0.202111181127/tools/bin/../lib/gcc/arm-none-eabi/10.3.1/thumb/v7e-m+fp/hard\libgcc.a(_aeabi_uldivmod.o)
 .ARM.attributes
                0x00000000000004a1       0x34 c:/st/stm32cubeide_1.9.0/stm32cubeide/plugins/com.st.stm32cube.ide.mcu.externaltools.gnu-tools-for-stm32.10.3-2021.10.win32_1.0.0.202111181127/tools/bin/../lib/gcc/arm-none-eabi/10.3.1/thumb/v7e-m+fp/hard\libgcc.a(_udivmoddi4.o)
 .ARM.attributes
                0x00000000000004d5       0x1e c:/st/stm32cubeide_1.9.0/stm32cubeide/plugins/com.st.stm32cube.ide.mcu.externaltools.gnu-tools-for-stm32.10.3-2021.10.win32_1.0.0.202111181127/tools/bin/../lib/gcc/arm-none-eabi/10.3.1/thumb/v7e-m+fp/hard\libgcc.a(_dvmd_tls.o)
 .ARM.attributes
                0x00000000000004f3       0x1e c:/st/stm32cubeide_1.9.0/stm32cubeide/plugins/com.st.stm32cube.ide.mcu.externaltools.gnu-tools-for-stm32.10.3-2021.10.win32_1.0.0.202111181127/tools/bin/../lib/gcc/arm-none-eabi/10.3.1/thumb/v7e-m+fp/hard/crtn.o
OUTPUT(DataPacket.elf elf32-littlearm)
LOAD linker stubs
LOAD c:/st/stm32cubeide_1.9.0/stm32cubeide/plugins/com.st.stm32cube.ide.mcu.externaltools.gnu-tools-for-stm32.10.3-2021.10.win32_1.0.0.202111181127/tools/bin/../lib/gcc/arm-none-eabi/10.3.1/../../../../arm-none-eabi/lib/thumb/v7e-m+fp/hard\libc.a
LOAD c:/st/stm32cubeide_1.9.0/stm32cubeide/plugins/com.st.stm32cube.ide.mcu.externaltools.gnu-tools-for-stm32.10.3-2021.10.win32_1.0.0.202111181127/tools/bin/../lib/gcc/arm-none-eabi/10.3.1/../../../../arm-none-eabi/lib/thumb/v7e-m+fp/hard\libm.a
LOAD c:/st/stm32cubeide_1.9.0/stm32cubeide/plugins/com.st.stm32cube.ide.mcu.externaltools.gnu-tools-for-stm32.10.3-2021.10.win32_1.0.0.202111181127/tools/bin/../lib/gcc/arm-none-eabi/10.3.1/thumb/v7e-m+fp/hard\libgcc.a

.debug_info     0x0000000000000000    0x10547
 .debug_info    0x0000000000000000      0xb80 ./App/Src/application.o
 .debug_info    0x0000000000000b80     0x188f ./Core/Src/main.o
 .debug_info    0x000000000000240f     0x1101 ./Core/Src/stm32f4xx_hal_msp.o
 .debug_info    0x0000000000003510      0xa0e ./Core/Src/stm32f4xx_it.o
 .debug_info    0x0000000000003f1e      0x55b ./Core/Src/system_stm32f4xx.o
 .debug_info    0x0000000000004479       0x22 ./Core/Startup/startup_stm32f446retx.o
 .debug_info    0x000000000000449b      0x9d2 ./Drivers/STM32F4xx_HAL_Driver/Src/stm32f4xx_hal.o
 .debug_info    0x0000000000004e6d      0xe39 ./Drivers/STM32F4xx_HAL_Driver/Src/stm32f4xx_hal_cortex.o
 .debug_info    0x0000000000005ca6      0x94f ./Drivers/STM32F4xx_HAL_Driver/Src/stm32f4xx_hal_dma.o
 .debug_info    0x00000000000065f5      0x7be ./Drivers/STM32F4xx_HAL_Driver/Src/stm32f4xx_hal_gpio.o
 .debug_info    0x0000000000006db3      0x9ab ./Drivers/STM32F4xx_HAL_Driver/Src/stm32f4xx_hal_rcc.o
 .debug_info    0x000000000000775e      0x9ec ./Drivers/STM32F4xx_HAL_Driver/Src/stm32f4xx_hal_rcc_ex.o
 .debug_info    0x000000000000814a     0x2bbe ./Drivers/STM32F4xx_HAL_Driver/Src/stm32f4xx_hal_tim.o
 .debug_info    0x000000000000ad08     0x15e0 ./Drivers/STM32F4xx_HAL_Driver/Src/stm32f4xx_hal_tim_ex.o
 .debug_info    0x000000000000c2e8     0x31bc ./Drivers/STM32F4xx_HAL_Driver/Src/stm32f4xx_hal_uart.o
 .debug_info    0x000000000000f4a4      0x177 ./Misc/Src/crc8.o
 .debug_info    0x000000000000f61b      0x54b ./Misc/Src/dataPacketRx.o
 .debug_info    0x000000000000fb66      0x9e1 ./Misc/Src/dataPacketTx.o

.debug_abbrev   0x0000000000000000     0x237c
 .debug_abbrev  0x0000000000000000      0x1f4 ./App/Src/application.o
 .debug_abbrev  0x00000000000001f4      0x2e9 ./Core/Src/main.o
 .debug_abbrev  0x00000000000004dd      0x215 ./Core/Src/stm32f4xx_hal_msp.o
 .debug_abbrev  0x00000000000006f2      0x19c ./Core/Src/stm32f4xx_it.o
 .debug_abbrev  0x000000000000088e      0x116 ./Core/Src/system_stm32f4xx.o
 .debug_abbrev  0x00000000000009a4       0x12 ./Core/Startup/startup_stm32f446retx.o
 .debug_abbrev  0x00000000000009b6      0x20d ./Drivers/STM32F4xx_HAL_Driver/Src/stm32f4xx_hal.o
 .debug_abbrev  0x0000000000000bc3      0x316 ./Drivers/STM32F4xx_HAL_Driver/Src/stm32f4xx_hal_cortex.o
 .debug_abbrev  0x0000000000000ed9      0x25b ./Drivers/STM32F4xx_HAL_Driver/Src/stm32f4xx_hal_dma.o
 .debug_abbrev  0x0000000000001134      0x1c4 ./Drivers/STM32F4xx_HAL_Driver/Src/stm32f4xx_hal_gpio.o
 .debug_abbrev  0x00000000000012f8      0x2aa ./Drivers/STM32F4xx_HAL_Driver/Src/stm32f4xx_hal_rcc.o
 .debug_abbrev  0x00000000000015a2      0x1fb ./Drivers/STM32F4xx_HAL_Driver/Src/stm32f4xx_hal_rcc_ex.o
 .debug_abbrev  0x000000000000179d      0x25d ./Drivers/STM32F4xx_HAL_Driver/Src/stm32f4xx_hal_tim.o
 .debug_abbrev  0x00000000000019fa      0x265 ./Drivers/STM32F4xx_HAL_Driver/Src/stm32f4xx_hal_tim_ex.o
 .debug_abbrev  0x0000000000001c5f      0x2f4 ./Drivers/STM32F4xx_HAL_Driver/Src/stm32f4xx_hal_uart.o
 .debug_abbrev  0x0000000000001f53       0xda ./Misc/Src/crc8.o
 .debug_abbrev  0x000000000000202d      0x16c ./Misc/Src/dataPacketRx.o
 .debug_abbrev  0x0000000000002199      0x1e3 ./Misc/Src/dataPacketTx.o

.debug_aranges  0x0000000000000000      0xe50
 .debug_aranges
                0x0000000000000000       0x70 ./App/Src/application.o
 .debug_aranges
                0x0000000000000070       0x68 ./Core/Src/main.o
 .debug_aranges
                0x00000000000000d8       0x58 ./Core/Src/stm32f4xx_hal_msp.o
 .debug_aranges
                0x0000000000000130       0x70 ./Core/Src/stm32f4xx_it.o
 .debug_aranges
                0x00000000000001a0       0x28 ./Core/Src/system_stm32f4xx.o
 .debug_aranges
                0x00000000000001c8       0x28 ./Core/Startup/startup_stm32f446retx.o
 .debug_aranges
                0x00000000000001f0       0xf0 ./Drivers/STM32F4xx_HAL_Driver/Src/stm32f4xx_hal.o
 .debug_aranges
                0x00000000000002e0      0x118 ./Drivers/STM32F4xx_HAL_Driver/Src/stm32f4xx_hal_cortex.o
 .debug_aranges
                0x00000000000003f8       0x90 ./Drivers/STM32F4xx_HAL_Driver/Src/stm32f4xx_hal_dma.o
 .debug_aranges
                0x0000000000000488       0x58 ./Drivers/STM32F4xx_HAL_Driver/Src/stm32f4xx_hal_gpio.o
 .debug_aranges
                0x00000000000004e0       0x88 ./Drivers/STM32F4xx_HAL_Driver/Src/stm32f4xx_hal_rcc.o
 .debug_aranges
                0x0000000000000568       0x78 ./Drivers/STM32F4xx_HAL_Driver/Src/stm32f4xx_hal_rcc_ex.o
 .debug_aranges
                0x00000000000005e0      0x3d0 ./Drivers/STM32F4xx_HAL_Driver/Src/stm32f4xx_hal_tim.o
 .debug_aranges
                0x00000000000009b0      0x168 ./Drivers/STM32F4xx_HAL_Driver/Src/stm32f4xx_hal_tim_ex.o
 .debug_aranges
                0x0000000000000b18      0x200 ./Drivers/STM32F4xx_HAL_Driver/Src/stm32f4xx_hal_uart.o
 .debug_aranges
                0x0000000000000d18       0x28 ./Misc/Src/crc8.o
 .debug_aranges
                0x0000000000000d40       0x88 ./Misc/Src/dataPacketRx.o
 .debug_aranges
                0x0000000000000dc8       0x88 ./Misc/Src/dataPacketTx.o

.debug_ranges   0x0000000000000000      0xd68
 .debug_ranges  0x0000000000000000       0x60 ./App/Src/application.o
 .debug_ranges  0x0000000000000060       0x58 ./Core/Src/main.o
 .debug_ranges  0x00000000000000b8       0x48 ./Core/Src/stm32f4xx_hal_msp.o
 .debug_ranges  0x0000000000000100       0x60 ./Core/Src/stm32f4xx_it.o
 .debug_ranges  0x0000000000000160       0x18 ./Core/Src/system_stm32f4xx.o
 .debug_ranges  0x0000000000000178       0x20 ./Core/Startup/startup_stm32f446retx.o
 .debug_ranges  0x0000000000000198       0xe0 ./Drivers/STM32F4xx_HAL_Driver/Src/stm32f4xx_hal.o
 .debug_ranges  0x0000000000000278      0x108 ./Drivers/STM32F4xx_HAL_Driver/Src/stm32f4xx_hal_cortex.o
 .debug_ranges  0x0000000000000380       0x80 ./Drivers/STM32F4xx_HAL_Driver/Src/stm32f4xx_hal_dma.o
 .debug_ranges  0x0000000000000400       0x48 ./Drivers/STM32F4xx_HAL_Driver/Src/stm32f4xx_hal_gpio.o
 .debug_ranges  0x0000000000000448       0x78 ./Drivers/STM32F4xx_HAL_Driver/Src/stm32f4xx_hal_rcc.o
 .debug_ranges  0x00000000000004c0       0x68 ./Drivers/STM32F4xx_HAL_Driver/Src/stm32f4xx_hal_rcc_ex.o
 .debug_ranges  0x0000000000000528      0x3c0 ./Drivers/STM32F4xx_HAL_Driver/Src/stm32f4xx_hal_tim.o
 .debug_ranges  0x00000000000008e8      0x158 ./Drivers/STM32F4xx_HAL_Driver/Src/stm32f4xx_hal_tim_ex.o
 .debug_ranges  0x0000000000000a40      0x220 ./Drivers/STM32F4xx_HAL_Driver/Src/stm32f4xx_hal_uart.o
 .debug_ranges  0x0000000000000c60       0x18 ./Misc/Src/crc8.o
 .debug_ranges  0x0000000000000c78       0x78 ./Misc/Src/dataPacketRx.o
 .debug_ranges  0x0000000000000cf0       0x78 ./Misc/Src/dataPacketTx.o

.debug_macro    0x0000000000000000    0x2277a
 .debug_macro   0x0000000000000000      0x2f7 ./App/Src/application.o
 .debug_macro   0x00000000000002f7      0xa78 ./App/Src/application.o
 .debug_macro   0x0000000000000d6f      0x29b ./App/Src/application.o
 .debug_macro   0x000000000000100a       0x2e ./App/Src/application.o
 .debug_macro   0x0000000000001038       0x28 ./App/Src/application.o
 .debug_macro   0x0000000000001060       0x22 ./App/Src/application.o
 .debug_macro   0x0000000000001082       0x8e ./App/Src/application.o
 .debug_macro   0x0000000000001110       0x51 ./App/Src/application.o
 .debug_macro   0x0000000000001161      0x103 ./App/Src/application.o
 .debug_macro   0x0000000000001264       0x6a ./App/Src/application.o
 .debug_macro   0x00000000000012ce      0x1df ./App/Src/application.o
 .debug_macro   0x00000000000014ad       0x1c ./App/Src/application.o
 .debug_macro   0x00000000000014c9       0x22 ./App/Src/application.o
 .debug_macro   0x00000000000014eb       0xd9 ./App/Src/application.o
 .debug_macro   0x00000000000015c4     0x102d ./App/Src/application.o
 .debug_macro   0x00000000000025f1      0x11f ./App/Src/application.o
 .debug_macro   0x0000000000002710    0x16749 ./App/Src/application.o
 .debug_macro   0x0000000000018e59       0x6d ./App/Src/application.o
 .debug_macro   0x0000000000018ec6     0x367e ./App/Src/application.o
 .debug_macro   0x000000000001c544      0x174 ./App/Src/application.o
 .debug_macro   0x000000000001c6b8       0x5c ./App/Src/application.o
 .debug_macro   0x000000000001c714      0xc90 ./App/Src/application.o
 .debug_macro   0x000000000001d3a4      0x9fe ./App/Src/application.o
 .debug_macro   0x000000000001dda2      0x115 ./App/Src/application.o
 .debug_macro   0x000000000001deb7      0x1a0 ./App/Src/application.o
 .debug_macro   0x000000000001e057       0xa5 ./App/Src/application.o
 .debug_macro   0x000000000001e0fc      0x16d ./App/Src/application.o
 .debug_macro   0x000000000001e269      0x287 ./App/Src/application.o
 .debug_macro   0x000000000001e4f0       0x5f ./App/Src/application.o
 .debug_macro   0x000000000001e54f      0x236 ./App/Src/application.o
 .debug_macro   0x000000000001e785      0x132 ./App/Src/application.o
 .debug_macro   0x000000000001e8b7      0x29c ./App/Src/application.o
 .debug_macro   0x000000000001eb53       0x2e ./App/Src/application.o
 .debug_macro   0x000000000001eb81      0x11a ./App/Src/application.o
 .debug_macro   0x000000000001ec9b       0xe8 ./App/Src/application.o
 .debug_macro   0x000000000001ed83       0x89 ./App/Src/application.o
 .debug_macro   0x000000000001ee0c      0x8e6 ./App/Src/application.o
 .debug_macro   0x000000000001f6f2       0x4d ./App/Src/application.o
 .debug_macro   0x000000000001f73f      0x295 ./App/Src/application.o
 .debug_macro   0x000000000001f9d4      0x126 ./App/Src/application.o
 .debug_macro   0x000000000001fafa       0x40 ./App/Src/application.o
 .debug_macro   0x000000000001fb3a       0x52 ./App/Src/application.o
 .debug_macro   0x000000000001fb8c       0x1e ./App/Src/application.o
 .debug_macro   0x000000000001fbaa       0x3c ./App/Src/application.o
 .debug_macro   0x000000000001fbe6       0x34 ./App/Src/application.o
 .debug_macro   0x000000000001fc1a       0x16 ./App/Src/application.o
 .debug_macro   0x000000000001fc30       0x43 ./App/Src/application.o
 .debug_macro   0x000000000001fc73       0x34 ./App/Src/application.o
 .debug_macro   0x000000000001fca7       0x10 ./App/Src/application.o
 .debug_macro   0x000000000001fcb7       0x58 ./App/Src/application.o
 .debug_macro   0x000000000001fd0f       0x71 ./App/Src/application.o
 .debug_macro   0x000000000001fd80       0x1c ./App/Src/application.o
 .debug_macro   0x000000000001fd9c      0x12a ./App/Src/application.o
 .debug_macro   0x000000000001fec6      0x341 ./App/Src/application.o
 .debug_macro   0x0000000000020207       0x10 ./App/Src/application.o
 .debug_macro   0x0000000000020217       0x35 ./App/Src/application.o
 .debug_macro   0x000000000002024c       0x20 ./App/Src/application.o
 .debug_macro   0x000000000002026c       0x28 ./App/Src/application.o
 .debug_macro   0x0000000000020294       0x2e ./App/Src/application.o
 .debug_macro   0x00000000000202c2       0x1c ./App/Src/application.o
 .debug_macro   0x00000000000202de       0x10 ./App/Src/application.o
 .debug_macro   0x00000000000202ee      0x2ed ./Core/Src/main.o
 .debug_macro   0x00000000000205db       0x16 ./Core/Src/main.o
 .debug_macro   0x00000000000205f1      0x2ed ./Core/Src/stm32f4xx_hal_msp.o
 .debug_macro   0x00000000000208de      0x2f7 ./Core/Src/stm32f4xx_it.o
 .debug_macro   0x0000000000020bd5      0x1ce ./Core/Src/system_stm32f4xx.o
 .debug_macro   0x0000000000020da3      0x22e ./Drivers/STM32F4xx_HAL_Driver/Src/stm32f4xx_hal.o
 .debug_macro   0x0000000000020fd1      0x1ce ./Drivers/STM32F4xx_HAL_Driver/Src/stm32f4xx_hal_cortex.o
 .debug_macro   0x000000000002119f      0x1d4 ./Drivers/STM32F4xx_HAL_Driver/Src/stm32f4xx_hal_dma.o
 .debug_macro   0x0000000000021373      0x1d4 ./Drivers/STM32F4xx_HAL_Driver/Src/stm32f4xx_hal_gpio.o
 .debug_macro   0x0000000000021547      0x1f2 ./Drivers/STM32F4xx_HAL_Driver/Src/stm32f4xx_hal_rcc.o
 .debug_macro   0x0000000000021739      0x1ce ./Drivers/STM32F4xx_HAL_Driver/Src/stm32f4xx_hal_rcc_ex.o
 .debug_macro   0x0000000000021907      0x1cf ./Drivers/STM32F4xx_HAL_Driver/Src/stm32f4xx_hal_tim.o
 .debug_macro   0x0000000000021ad6      0x1ce ./Drivers/STM32F4xx_HAL_Driver/Src/stm32f4xx_hal_tim_ex.o
 .debug_macro   0x0000000000021ca4      0x1cf ./Drivers/STM32F4xx_HAL_Driver/Src/stm32f4xx_hal_uart.o
 .debug_macro   0x0000000000021e73      0x2f1 ./Misc/Src/crc8.o
 .debug_macro   0x0000000000022164      0x2f7 ./Misc/Src/dataPacketRx.o
 .debug_macro   0x000000000002245b       0x28 ./Misc/Src/dataPacketRx.o
 .debug_macro   0x0000000000022483      0x2f7 ./Misc/Src/dataPacketTx.o

.debug_line     0x0000000000000000    0x11c50
 .debug_line    0x0000000000000000      0xa94 ./App/Src/application.o
 .debug_line    0x0000000000000a94      0xb6b ./Core/Src/main.o
 .debug_line    0x00000000000015ff      0xa0f ./Core/Src/stm32f4xx_hal_msp.o
 .debug_line    0x000000000000200e      0x9dd ./Core/Src/stm32f4xx_it.o
 .debug_line    0x00000000000029eb      0x739 ./Core/Src/system_stm32f4xx.o
 .debug_line    0x0000000000003124       0x88 ./Core/Startup/startup_stm32f446retx.o
 .debug_line    0x00000000000031ac      0x99f ./Drivers/STM32F4xx_HAL_Driver/Src/stm32f4xx_hal.o
 .debug_line    0x0000000000003b4b      0xc4e ./Drivers/STM32F4xx_HAL_Driver/Src/stm32f4xx_hal_cortex.o
 .debug_line    0x0000000000004799      0xf03 ./Drivers/STM32F4xx_HAL_Driver/Src/stm32f4xx_hal_dma.o
 .debug_line    0x000000000000569c      0xaff ./Drivers/STM32F4xx_HAL_Driver/Src/stm32f4xx_hal_gpio.o
 .debug_line    0x000000000000619b      0xd25 ./Drivers/STM32F4xx_HAL_Driver/Src/stm32f4xx_hal_rcc.o
 .debug_line    0x0000000000006ec0     0x13af ./Drivers/STM32F4xx_HAL_Driver/Src/stm32f4xx_hal_rcc_ex.o
 .debug_line    0x000000000000826f     0x3693 ./Drivers/STM32F4xx_HAL_Driver/Src/stm32f4xx_hal_tim.o
 .debug_line    0x000000000000b902     0x199c ./Drivers/STM32F4xx_HAL_Driver/Src/stm32f4xx_hal_tim_ex.o
 .debug_line    0x000000000000d29e     0x2a44 ./Drivers/STM32F4xx_HAL_Driver/Src/stm32f4xx_hal_uart.o
 .debug_line    0x000000000000fce2      0x92f ./Misc/Src/crc8.o
 .debug_line    0x0000000000010611      0xb88 ./Misc/Src/dataPacketRx.o
 .debug_line    0x0000000000011199      0xab7 ./Misc/Src/dataPacketTx.o

.debug_str      0x0000000000000000    0xd04b6
 .debug_str     0x0000000000000000    0xcc5df ./App/Src/application.o
                                      0xcc933 (size before relaxing)
 .debug_str     0x00000000000cc5df      0xab3 ./Core/Src/main.o
                                      0xcd36d (size before relaxing)
 .debug_str     0x00000000000cd092      0x611 ./Core/Src/stm32f4xx_hal_msp.o
                                      0xcd015 (size before relaxing)
 .debug_str     0x00000000000cd6a3      0x11b ./Core/Src/stm32f4xx_it.o
                                      0xcc942 (size before relaxing)
 .debug_str     0x00000000000cd7be       0xdb ./Core/Src/system_stm32f4xx.o
                                      0xc910c (size before relaxing)
 .debug_str     0x00000000000cd899       0x36 ./Core/Startup/startup_stm32f446retx.o
                                         0x75 (size before relaxing)
 .debug_str     0x00000000000cd8cf      0x617 ./Drivers/STM32F4xx_HAL_Driver/Src/stm32f4xx_hal.o
                                      0xc9cd1 (size before relaxing)
 .debug_str     0x00000000000cdee6      0x32d ./Drivers/STM32F4xx_HAL_Driver/Src/stm32f4xx_hal_cortex.o
                                      0xc99df (size before relaxing)
 .debug_str     0x00000000000ce213      0x318 ./Drivers/STM32F4xx_HAL_Driver/Src/stm32f4xx_hal_dma.o
                                      0xc9501 (size before relaxing)
 .debug_str     0x00000000000ce52b      0x10e ./Drivers/STM32F4xx_HAL_Driver/Src/stm32f4xx_hal_gpio.o
                                      0xc9287 (size before relaxing)
 .debug_str     0x00000000000ce639      0x233 ./Drivers/STM32F4xx_HAL_Driver/Src/stm32f4xx_hal_rcc.o
                                      0xc9545 (size before relaxing)
 .debug_str     0x00000000000ce86c      0x324 ./Drivers/STM32F4xx_HAL_Driver/Src/stm32f4xx_hal_rcc_ex.o
                                      0xc9578 (size before relaxing)
 .debug_str     0x00000000000ceb90      0xce1 ./Drivers/STM32F4xx_HAL_Driver/Src/stm32f4xx_hal_tim.o
                                      0xca461 (size before relaxing)
 .debug_str     0x00000000000cf871      0x493 ./Drivers/STM32F4xx_HAL_Driver/Src/stm32f4xx_hal_tim_ex.o
                                      0xc9c7d (size before relaxing)
 .debug_str     0x00000000000cfd04      0x5bd ./Drivers/STM32F4xx_HAL_Driver/Src/stm32f4xx_hal_uart.o
                                      0xc9aba (size before relaxing)
 .debug_str     0x00000000000d02c1       0x46 ./Misc/Src/crc8.o
                                      0xcc156 (size before relaxing)
 .debug_str     0x00000000000d0307       0xd3 ./Misc/Src/dataPacketRx.o
                                      0xcc3dd (size before relaxing)
 .debug_str     0x00000000000d03da       0xdc ./Misc/Src/dataPacketTx.o
                                      0xcc7ff (size before relaxing)

.comment        0x0000000000000000       0x50
 .comment       0x0000000000000000       0x50 ./App/Src/application.o
                                         0x51 (size before relaxing)
 .comment       0x0000000000000050       0x51 ./Core/Src/main.o
 .comment       0x0000000000000050       0x51 ./Core/Src/stm32f4xx_hal_msp.o
 .comment       0x0000000000000050       0x51 ./Core/Src/stm32f4xx_it.o
 .comment       0x0000000000000050       0x51 ./Core/Src/system_stm32f4xx.o
 .comment       0x0000000000000050       0x51 ./Drivers/STM32F4xx_HAL_Driver/Src/stm32f4xx_hal.o
 .comment       0x0000000000000050       0x51 ./Drivers/STM32F4xx_HAL_Driver/Src/stm32f4xx_hal_cortex.o
 .comment       0x0000000000000050       0x51 ./Drivers/STM32F4xx_HAL_Driver/Src/stm32f4xx_hal_dma.o
 .comment       0x0000000000000050       0x51 ./Drivers/STM32F4xx_HAL_Driver/Src/stm32f4xx_hal_gpio.o
 .comment       0x0000000000000050       0x51 ./Drivers/STM32F4xx_HAL_Driver/Src/stm32f4xx_hal_rcc.o
 .comment       0x0000000000000050       0x51 ./Drivers/STM32F4xx_HAL_Driver/Src/stm32f4xx_hal_rcc_ex.o
 .comment       0x0000000000000050       0x51 ./Drivers/STM32F4xx_HAL_Driver/Src/stm32f4xx_hal_tim.o
 .comment       0x0000000000000050       0x51 ./Drivers/STM32F4xx_HAL_Driver/Src/stm32f4xx_hal_tim_ex.o
 .comment       0x0000000000000050       0x51 ./Drivers/STM32F4xx_HAL_Driver/Src/stm32f4xx_hal_uart.o
 .comment       0x0000000000000050       0x51 ./Misc/Src/crc8.o
 .comment       0x0000000000000050       0x51 ./Misc/Src/dataPacketRx.o
 .comment       0x0000000000000050       0x51 ./Misc/Src/dataPacketTx.o

.debug_frame    0x0000000000000000     0x3c24
 .debug_frame   0x0000000000000000      0x1bc ./App/Src/application.o
 .debug_frame   0x00000000000001bc      0x160 ./Core/Src/main.o
 .debug_frame   0x000000000000031c      0x13c ./Core/Src/stm32f4xx_hal_msp.o
 .debug_frame   0x0000000000000458      0x13c ./Core/Src/stm32f4xx_it.o
 .debug_frame   0x0000000000000594       0x58 ./Core/Src/system_stm32f4xx.o
 .debug_frame   0x00000000000005ec      0x374 ./Drivers/STM32F4xx_HAL_Driver/Src/stm32f4xx_hal.o
 .debug_frame   0x0000000000000960      0x498 ./Drivers/STM32F4xx_HAL_Driver/Src/stm32f4xx_hal_cortex.o
 .debug_frame   0x0000000000000df8      0x250 ./Drivers/STM32F4xx_HAL_Driver/Src/stm32f4xx_hal_dma.o
 .debug_frame   0x0000000000001048      0x14c ./Drivers/STM32F4xx_HAL_Driver/Src/stm32f4xx_hal_gpio.o
 .debug_frame   0x0000000000001194      0x1f4 ./Drivers/STM32F4xx_HAL_Driver/Src/stm32f4xx_hal_rcc.o
 .debug_frame   0x0000000000001388      0x1e8 ./Drivers/STM32F4xx_HAL_Driver/Src/stm32f4xx_hal_rcc_ex.o
 .debug_frame   0x0000000000001570     0x11c4 ./Drivers/STM32F4xx_HAL_Driver/Src/stm32f4xx_hal_tim.o
 .debug_frame   0x0000000000002734      0x638 ./Drivers/STM32F4xx_HAL_Driver/Src/stm32f4xx_hal_tim_ex.o
 .debug_frame   0x0000000000002d6c      0x92c ./Drivers/STM32F4xx_HAL_Driver/Src/stm32f4xx_hal_uart.o
 .debug_frame   0x0000000000003698       0x5c ./Misc/Src/crc8.o
 .debug_frame   0x00000000000036f4      0x228 ./Misc/Src/dataPacketRx.o
 .debug_frame   0x000000000000391c      0x234 ./Misc/Src/dataPacketTx.o
 .debug_frame   0x0000000000003b50       0x2c c:/st/stm32cubeide_1.9.0/stm32cubeide/plugins/com.st.stm32cube.ide.mcu.externaltools.gnu-tools-for-stm32.10.3-2021.10.win32_1.0.0.202111181127/tools/bin/../lib/gcc/arm-none-eabi/10.3.1/../../../../arm-none-eabi/lib/thumb/v7e-m+fp/hard\libc_nano.a(lib_a-init.o)
 .debug_frame   0x0000000000003b7c       0x28 c:/st/stm32cubeide_1.9.0/stm32cubeide/plugins/com.st.stm32cube.ide.mcu.externaltools.gnu-tools-for-stm32.10.3-2021.10.win32_1.0.0.202111181127/tools/bin/../lib/gcc/arm-none-eabi/10.3.1/../../../../arm-none-eabi/lib/thumb/v7e-m+fp/hard\libc_nano.a(lib_a-memcpy-stub.o)
 .debug_frame   0x0000000000003ba4       0x20 c:/st/stm32cubeide_1.9.0/stm32cubeide/plugins/com.st.stm32cube.ide.mcu.externaltools.gnu-tools-for-stm32.10.3-2021.10.win32_1.0.0.202111181127/tools/bin/../lib/gcc/arm-none-eabi/10.3.1/../../../../arm-none-eabi/lib/thumb/v7e-m+fp/hard\libc_nano.a(lib_a-memset.o)
 .debug_frame   0x0000000000003bc4       0x2c c:/st/stm32cubeide_1.9.0/stm32cubeide/plugins/com.st.stm32cube.ide.mcu.externaltools.gnu-tools-for-stm32.10.3-2021.10.win32_1.0.0.202111181127/tools/bin/../lib/gcc/arm-none-eabi/10.3.1/thumb/v7e-m+fp/hard\libgcc.a(_aeabi_uldivmod.o)
 .debug_frame   0x0000000000003bf0       0x34 c:/st/stm32cubeide_1.9.0/stm32cubeide/plugins/com.st.stm32cube.ide.mcu.externaltools.gnu-tools-for-stm32.10.3-2021.10.win32_1.0.0.202111181127/tools/bin/../lib/gcc/arm-none-eabi/10.3.1/thumb/v7e-m+fp/hard\libgcc.a(_udivmoddi4.o)
