../Core/Src/main.c:82:6:HAL_TIM_PeriodElapsedCallback	16	static
../Core/Src/main.c:95:6:HAL_UART_RxCpltCallback	16	static
../Core/Src/main.c:111:5:main	88	static
../Core/Src/main.c:266:6:SystemClock_Config	88	static
../Core/Src/main.c:314:13:MX_TIM2_Init	48	static
../Core/Src/main.c:363:13:MX_TIM9_Init	24	static
../Core/Src/main.c:401:13:MX_USART2_UART_Init	8	static
../Core/Src/main.c:434:13:MX_USART3_UART_Init	8	static
../Core/Src/main.c:467:13:MX_GPIO_Init	40	static
../Core/Src/main.c:502:6:Error_Handler	4	static,ignoring_inline_asm
